// Jest Snapshot v1, https://goo.gl/fbAQLP

exports[`ModuleGroupsCollection instance.import() toJson() 1`] = `"{\\"group\\":[{\\"Attributes\\":{\\"name\\":\\"group_1\\"},\\"select\\":[{\\"Attributes\\":{\\"macro\\":\\"group_1_macro\\"}}]},{\\"Attributes\\":{\\"name\\":\\"group_2\\"},\\"select\\":[{\\"Attributes\\":{\\"macro\\":\\"group_2_macro\\"}},{\\"Attributes\\":{\\"macro\\":\\"group_2_macro2\\"}},{\\"Attributes\\":{\\"macro\\":\\"group_2_macro3\\"}}]},{\\"Attributes\\":{\\"name\\":\\"group_3\\"},\\"select\\":[{\\"Attributes\\":{\\"macro\\":\\"group_3_macro\\"}},{\\"Attributes\\":{\\"macro\\":\\"group_3_macro2\\"}},{\\"Attributes\\":{\\"macro\\":\\"group_3_macro3\\"}}]},{\\"Attributes\\":{\\"name\\":\\"group_4\\"},\\"select\\":[{\\"Attributes\\":{\\"macro\\":\\"group_4_macro\\"}},{\\"Attributes\\":{\\"macro\\":\\"group_4_macro2\\"}},{\\"Attributes\\":{\\"macro\\":\\"group_4_macro3\\"}}]},{\\"Attributes\\":{\\"name\\":\\"group_5\\"},\\"select\\":[{\\"Attributes\\":{\\"macro\\":\\"group_5_macro\\"}},{\\"Attributes\\":{\\"macro\\":\\"group_5_macro2\\"}},{\\"Attributes\\":{\\"macro\\":\\"group_5_macro3\\"}}]}]}"`;

exports[`ModuleGroupsCollection instance.import() toXml() 1`] = `
"<groups>
  <group name=\\"group_1\\">
    <select macro=\\"group_1_macro\\"/>
  </group>
  <group name=\\"group_2\\">
    <select macro=\\"group_2_macro\\"/>
    <select macro=\\"group_2_macro2\\"/>
    <select macro=\\"group_2_macro3\\"/>
  </group>
  <group name=\\"group_3\\">
    <select macro=\\"group_3_macro\\"/>
    <select macro=\\"group_3_macro2\\"/>
    <select macro=\\"group_3_macro3\\"/>
  </group>
  <group name=\\"group_4\\">
    <select macro=\\"group_4_macro\\"/>
    <select macro=\\"group_4_macro2\\"/>
    <select macro=\\"group_4_macro3\\"/>
  </group>
  <group name=\\"group_5\\">
    <select macro=\\"group_5_macro\\"/>
    <select macro=\\"group_5_macro2\\"/>
    <select macro=\\"group_5_macro3\\"/>
  </group>
</groups>"
`;
