// Jest Snapshot v1, https://goo.gl/fbAQLP

exports[`generator/helper createMacroIndex toJson() 1`] = `"{\\"entry\\":[{\\"Attributes\\":{\\"name\\":\\"pfx_prod_gen_ware0_macro\\",\\"value\\":\\"extensions\\\\\\\\test\\\\\\\\assets\\\\\\\\structures\\\\\\\\production\\\\\\\\macros\\\\\\\\pfx_prod_gen_ware0_macro.xml\\"}},{\\"Attributes\\":{\\"name\\":\\"pfx_prod_gen_ware1_macro\\",\\"value\\":\\"extensions\\\\\\\\test\\\\\\\\assets\\\\\\\\structures\\\\\\\\production\\\\\\\\macros\\\\\\\\pfx_prod_gen_ware1_macro.xml\\"}},{\\"Attributes\\":{\\"name\\":\\"pfx_prod_gen_ware2_macro\\",\\"value\\":\\"extensions\\\\\\\\test\\\\\\\\assets\\\\\\\\structures\\\\\\\\production\\\\\\\\macros\\\\\\\\pfx_prod_gen_ware2_macro.xml\\"}},{\\"Attributes\\":{\\"name\\":\\"pfx_prod_gen_ware3_macro\\",\\"value\\":\\"extensions\\\\\\\\test\\\\\\\\assets\\\\\\\\structures\\\\\\\\production\\\\\\\\macros\\\\\\\\pfx_prod_gen_ware3_macro.xml\\"}},{\\"Attributes\\":{\\"name\\":\\"pfx_prod_gen_ware4_macro\\",\\"value\\":\\"extensions\\\\\\\\test\\\\\\\\assets\\\\\\\\structures\\\\\\\\production\\\\\\\\macros\\\\\\\\pfx_prod_gen_ware4_macro.xml\\"}}]}"`;

exports[`generator/helper createMacroIndex toXml() 1`] = `
"<index>
  <entry name=\\"pfx_prod_gen_ware0_macro\\" value=\\"extensions\\\\test\\\\assets\\\\structures\\\\production\\\\macros\\\\pfx_prod_gen_ware0_macro.xml\\"/>
  <entry name=\\"pfx_prod_gen_ware1_macro\\" value=\\"extensions\\\\test\\\\assets\\\\structures\\\\production\\\\macros\\\\pfx_prod_gen_ware1_macro.xml\\"/>
  <entry name=\\"pfx_prod_gen_ware2_macro\\" value=\\"extensions\\\\test\\\\assets\\\\structures\\\\production\\\\macros\\\\pfx_prod_gen_ware2_macro.xml\\"/>
  <entry name=\\"pfx_prod_gen_ware3_macro\\" value=\\"extensions\\\\test\\\\assets\\\\structures\\\\production\\\\macros\\\\pfx_prod_gen_ware3_macro.xml\\"/>
  <entry name=\\"pfx_prod_gen_ware4_macro\\" value=\\"extensions\\\\test\\\\assets\\\\structures\\\\production\\\\macros\\\\pfx_prod_gen_ware4_macro.xml\\"/>
</index>"
`;
