// Jest Snapshot v1, https://goo.gl/fbAQLP

exports[`generator/helpers createIcons toJson() 1`] = `"{\\"icon\\":[{\\"Attributes\\":{\\"name\\":\\"module_pfx_prod_gen_ware0_macro\\",\\"texture\\":\\"extensions\\\\\\\\test\\\\\\\\assets\\\\\\\\fx\\\\\\\\gui\\\\\\\\textures\\\\\\\\pfx_prod_gen_ware0_macro.dds\\",\\"width\\":256,\\"height\\":256}},{\\"Attributes\\":{\\"name\\":\\"module_pfx_prod_gen_ware1_macro\\",\\"texture\\":\\"extensions\\\\\\\\test\\\\\\\\assets\\\\\\\\fx\\\\\\\\gui\\\\\\\\textures\\\\\\\\pfx_prod_gen_ware1_macro.dds\\",\\"width\\":256,\\"height\\":256}},{\\"Attributes\\":{\\"name\\":\\"module_pfx_prod_gen_ware2_macro\\",\\"texture\\":\\"extensions\\\\\\\\test\\\\\\\\assets\\\\\\\\fx\\\\\\\\gui\\\\\\\\textures\\\\\\\\pfx_prod_gen_ware2_macro.dds\\",\\"width\\":256,\\"height\\":256}},{\\"Attributes\\":{\\"name\\":\\"module_pfx_prod_gen_ware3_macro\\",\\"texture\\":\\"extensions\\\\\\\\test\\\\\\\\assets\\\\\\\\fx\\\\\\\\gui\\\\\\\\textures\\\\\\\\pfx_prod_gen_ware3_macro.dds\\",\\"width\\":256,\\"height\\":256}},{\\"Attributes\\":{\\"name\\":\\"module_pfx_prod_gen_ware4_macro\\",\\"texture\\":\\"extensions\\\\\\\\test\\\\\\\\assets\\\\\\\\fx\\\\\\\\gui\\\\\\\\textures\\\\\\\\pfx_prod_gen_ware4_macro.dds\\",\\"width\\":256,\\"height\\":256}}]}"`;

exports[`generator/helpers createIcons toXml() 1`] = `
"<icons>
  <icon name=\\"module_pfx_prod_gen_ware0_macro\\" texture=\\"extensions\\\\test\\\\assets\\\\fx\\\\gui\\\\textures\\\\pfx_prod_gen_ware0_macro.dds\\" width=\\"256\\" height=\\"256\\"/>
  <icon name=\\"module_pfx_prod_gen_ware1_macro\\" texture=\\"extensions\\\\test\\\\assets\\\\fx\\\\gui\\\\textures\\\\pfx_prod_gen_ware1_macro.dds\\" width=\\"256\\" height=\\"256\\"/>
  <icon name=\\"module_pfx_prod_gen_ware2_macro\\" texture=\\"extensions\\\\test\\\\assets\\\\fx\\\\gui\\\\textures\\\\pfx_prod_gen_ware2_macro.dds\\" width=\\"256\\" height=\\"256\\"/>
  <icon name=\\"module_pfx_prod_gen_ware3_macro\\" texture=\\"extensions\\\\test\\\\assets\\\\fx\\\\gui\\\\textures\\\\pfx_prod_gen_ware3_macro.dds\\" width=\\"256\\" height=\\"256\\"/>
  <icon name=\\"module_pfx_prod_gen_ware4_macro\\" texture=\\"extensions\\\\test\\\\assets\\\\fx\\\\gui\\\\textures\\\\pfx_prod_gen_ware4_macro.dds\\" width=\\"256\\" height=\\"256\\"/>
</icons>"
`;
